==> [Trainee] Provision & configure a database instance
$ docker compose ps
NAME               IMAGE                   COMMAND                  SERVICE    CREATED      STATUS                PORTS
peex_db_client     postgres:16-alpine      "sleep infinity"         client     2 days ago   Up 2 days             5432/tcp
peex_db_mongo      01-databases-mongo      "docker-entrypoint.s…"   mongo      2 days ago   Up 2 days (healthy)   127.0.0.1:27017->27017/tcp
peex_db_postgres   01-databases-postgres   "docker-entrypoint.s…"   postgres   2 days ago   Up 2 days (healthy)   127.0.0.1:5432->5432/tcp
-- Instance configuration applied at startup:
$ $PSQL -c "SHOW shared_buffers; SHOW max_connections;"
 shared_buffers 
----------------
 128MB
(1 row)

 max_connections 
-----------------
 50
(1 row)

-- Configured roles:
$ $PSQL -c "\du"
                              List of roles
 Role name  |                         Attributes                         
------------+------------------------------------------------------------
 app_reader | 
 peex_admin | Superuser, Create role, Create DB, Replication, Bypass RLS

